// Jest Snapshot v1, https://goo.gl/fbAQLP

exports[`BioSection should 1`] = `
ShallowWrapper {
  "length": 1,
  Symbol(enzyme.__root__): [Circular],
  Symbol(enzyme.__unrendered__): <BioSection
    name="testName"
    text="testText"
    url="testUrl"
/>,
  Symbol(enzyme.__renderer__): Object {
    "batchedUpdates": [Function],
    "getNode": [Function],
    "render": [Function],
    "simulateEvent": [Function],
    "unmount": [Function],
  },
  Symbol(enzyme.__node__): Object {
    "instance": null,
    "key": undefined,
    "nodeType": "host",
    "props": Object {
      "children": Array [
        <h2>
          testName
</h2>,
        <Image
          as="img"
          floated="left"
          rounded={true}
          size="medium"
          src="testUrl"
          ui={true}
/>,
        <p>
          testText
</p>,
      ],
      "className": "BioSection",
    },
    "ref": null,
    "rendered": Array [
      Object {
        "instance": null,
        "key": undefined,
        "nodeType": "host",
        "props": Object {
          "children": "testName",
        },
        "ref": null,
        "rendered": "testName",
        "type": "h2",
      },
      Object {
        "instance": null,
        "key": undefined,
        "nodeType": "function",
        "props": Object {
          "as": "img",
          "floated": "left",
          "rounded": true,
          "size": "medium",
          "src": "testUrl",
          "ui": true,
        },
        "ref": null,
        "rendered": null,
        "type": [Function],
      },
      Object {
        "instance": null,
        "key": undefined,
        "nodeType": "host",
        "props": Object {
          "children": "testText",
        },
        "ref": null,
        "rendered": "testText",
        "type": "p",
      },
    ],
    "type": "div",
  },
  Symbol(enzyme.__nodes__): Array [
    Object {
      "instance": null,
      "key": undefined,
      "nodeType": "host",
      "props": Object {
        "children": Array [
          <h2>
            testName
</h2>,
          <Image
            as="img"
            floated="left"
            rounded={true}
            size="medium"
            src="testUrl"
            ui={true}
/>,
          <p>
            testText
</p>,
        ],
        "className": "BioSection",
      },
      "ref": null,
      "rendered": Array [
        Object {
          "instance": null,
          "key": undefined,
          "nodeType": "host",
          "props": Object {
            "children": "testName",
          },
          "ref": null,
          "rendered": "testName",
          "type": "h2",
        },
        Object {
          "instance": null,
          "key": undefined,
          "nodeType": "function",
          "props": Object {
            "as": "img",
            "floated": "left",
            "rounded": true,
            "size": "medium",
            "src": "testUrl",
            "ui": true,
          },
          "ref": null,
          "rendered": null,
          "type": [Function],
        },
        Object {
          "instance": null,
          "key": undefined,
          "nodeType": "host",
          "props": Object {
            "children": "testText",
          },
          "ref": null,
          "rendered": "testText",
          "type": "p",
        },
      ],
      "type": "div",
    },
  ],
  Symbol(enzyme.__options__): Object {
    "adapter": ReactSixteenAdapter {
      "options": Object {
        "enableComponentDidUpdateOnSetState": true,
      },
    },
  },
}
`;
